app/admin/(dashboard)/deposits/page.tsx(40,23): error TS2322: Type '{ id: any; type: any; status: any; description: any; amount: any; currency: any; paymentMethod: any; proofImage: any; proofImageUrl: any; asset: any; createdAt: any; user: { id: any; name: any; email: any; username: any; } | null; }[]' is not assignable to type 'Transaction[]'.
  Type '{ id: any; type: any; status: any; description: any; amount: any; currency: any; paymentMethod: any; proofImage: any; proofImageUrl: any; asset: any; createdAt: any; user: { id: any; name: any; email: any; username: any; } | null; }' is not assignable to type 'Transaction'.
    Types of property 'user' are incompatible.
      Type '{ id: any; name: any; email: any; username: any; } | null' is not assignable to type 'Partial<User> | undefined'.
        Type 'null' is not assignable to type 'Partial<User> | undefined'.
app/admin/(dashboard)/history/page.tsx(43,22): error TS2322: Type '{ id: any; type: any; status: any; amount: any; currency: any; asset: any; paymentMethod: any; proofImageUrl: any; proofImage: any; description: any; createdAt: any; user: { id: any; name: any; email: any; username: any; } | null; }[]' is not assignable to type 'Transaction[]'.
  Type '{ id: any; type: any; status: any; amount: any; currency: any; asset: any; paymentMethod: any; proofImageUrl: any; proofImage: any; description: any; createdAt: any; user: { id: any; name: any; email: any; username: any; } | null; }' is not assignable to type 'Transaction'.
    Types of property 'user' are incompatible.
      Type '{ id: any; name: any; email: any; username: any; } | null' is not assignable to type 'Partial<User> | undefined'.
        Type 'null' is not assignable to type 'Partial<User> | undefined'.
app/admin/(dashboard)/withdrawals/page.tsx(37,26): error TS2322: Type '{ id: any; type: any; status: any; description: any; amount: any; currency: any; paymentMethod: any; createdAt: any; user: { id: any; name: any; email: any; username: any; } | null; }[]' is not assignable to type 'Transaction[]'.
  Type '{ id: any; type: any; status: any; description: any; amount: any; currency: any; paymentMethod: any; createdAt: any; user: { id: any; name: any; email: any; username: any; } | null; }' is not assignable to type 'Transaction'.
    Types of property 'user' are incompatible.
      Type '{ id: any; name: any; email: any; username: any; } | null' is not assignable to type 'Partial<User> | undefined'.
        Type 'null' is not assignable to type 'Partial<User> | undefined'.
app/api/user/copy-data/route.ts(33,15): error TS18048: 'session.user' is possibly 'undefined'.
app/api/user/copy-data/route.ts(39,47): error TS2339: Property 'name' does not exist on type 'ObjectId'.
app/api/user/copy-data/route.ts(42,28): error TS2339: Property 'name' does not exist on type 'ObjectId'.
app/api/user/copy-data/route.ts(43,30): error TS2339: Property 'avatar' does not exist on type 'ObjectId'.
app/api/user/copy-data/route.ts(44,28): error TS2339: Property 'role' does not exist on type 'ObjectId'.
app/api/user/copy-data/route.ts(45,31): error TS2339: Property 'metrics' does not exist on type 'ObjectId'.
app/api/user/copy-data/route.ts(46,30): error TS2339: Property 'status' does not exist on type 'ObjectId'.
app/api/user/copy-data/route.ts(47,31): error TS2339: Property 'copiers' does not exist on type 'ObjectId'.
app/api/user/dashboard-data/route.ts(48,15): error TS18048: 'session.user' is possibly 'undefined'.
app/api/user/dashboard-data/route.ts(56,28): error TS2339: Property 'name' does not exist on type 'ObjectId'.
app/api/user/dashboard-data/route.ts(57,30): error TS2339: Property 'avatar' does not exist on type 'ObjectId'.
app/api/user/dashboard-data/route.ts(58,28): error TS2339: Property 'role' does not exist on type 'ObjectId'.
app/api/user/dashboard-data/route.ts(59,31): error TS2339: Property 'metrics' does not exist on type 'ObjectId'.
app/api/user/dashboard-data/route.ts(60,30): error TS2339: Property 'status' does not exist on type 'ObjectId'.
app/api/user/dashboard-data/route.ts(61,31): error TS2339: Property 'copiers' does not exist on type 'ObjectId'.
app/dashboard/copytrading/page.tsx(51,63): error TS2322: Type '{ data: { id: any; traderName: any; investedAmount: any; currentProfit: any; status: any; createdAt: any; updatedAt: any; }[]; totalPages: number; currentPage: number; totalRecords: number; }' is not assignable to type '{ data: HistoryItem[]; totalPages: number; }'.
  Types of property 'data' are incompatible.
    Type '{ id: any; traderName: any; investedAmount: any; currentProfit: any; status: any; createdAt: any; updatedAt: any; }[]' is not assignable to type 'HistoryItem[]'.
      Property '_id' is missing in type '{ id: any; traderName: any; investedAmount: any; currentProfit: any; status: any; createdAt: any; updatedAt: any; }' but required in type 'HistoryItem'.
app/dashboard/page.tsx(53,13): error TS18048: 'session.user' is possibly 'undefined'.
app/dashboard/page.tsx(93,7): error TS2322: Type '{ id: any; userId: string | undefined; traderId: any; investedAmount: any; currentProfit: any; status: any; createdAt: any; trader: { id: any; name: any; avatar: any; role: any; metrics: any; status: any; copiers: any; } | null; }[]' is not assignable to type 'CopyPosition[]'.
  Type '{ id: any; userId: string | undefined; traderId: any; investedAmount: any; currentProfit: any; status: any; createdAt: any; trader: { id: any; name: any; avatar: any; role: any; metrics: any; status: any; copiers: any; } | null; }' is not assignable to type 'CopyPosition'.
    Types of property 'userId' are incompatible.
      Type 'string | undefined' is not assignable to type 'string'.
        Type 'undefined' is not assignable to type 'string'.
app/dashboard/transactions/page.tsx(49,30): error TS2322: Type '{ data: { id: any; type: any; amount: any; currency: string; status: any; description: any; asset: any; timestamp: any; }[]; totalPages: number; currentPage: number; totalRecords: number; summary: { totalDeposited: number; totalWithdrawn: number; totalProfits: number; totalFees: number; }; }' is not assignable to type '{ data: Transaction[]; totalPages: number; currentPage: number; totalRecords: number; summary: { totalDeposited: number; totalWithdrawn: number; totalProfits: number; totalFees: number; }; }'.
  Types of property 'data' are incompatible.
    Type '{ id: any; type: any; amount: any; currency: string; status: any; description: any; asset: any; timestamp: any; }[]' is not assignable to type 'Transaction[]'.
      Property 'createdAt' is missing in type '{ id: any; type: any; amount: any; currency: string; status: any; description: any; asset: any; timestamp: any; }' but required in type 'Transaction'.
